Loading required package: usethis

Attaching package: ‘dplyr’

The following objects are masked from ‘package:stats’:

    filter, lag

The following objects are masked from ‘package:base’:

    intersect, setdiff, setequal, union


Attaching package: ‘gridExtra’

The following object is masked from ‘package:dplyr’:

    combine


Attaching package: ‘lubridate’

The following objects are masked from ‘package:base’:

    date, intersect, setdiff, union

See details in:
Carlos Cinelli and Chad Hazlett (2020). Making Sense of Sensitivity: Extending Omitted Variable Bias. Journal of the Royal Statistical Society, Series B (Statistical Methodology).
Skipping install of 'pwtest' from a local remote, the SHA1 (0.0.0.90) has not changed since last install.
  Use `force = TRUE` to force installation
Scale for y is already present.
Adding another scale for y, which will replace the existing scale.
Scale for y is already present.
Adding another scale for y, which will replace the existing scale.
Scale for y is already present.
Adding another scale for y, which will replace the existing scale.
Scale for y is already present.
Adding another scale for y, which will replace the existing scale.
Warning messages:
1: package ‘gridExtra’ was built under R version 4.6.1 
2: `install_local()` was deprecated in devtools 2.5.0.
ℹ Please use pak::pak("local::path") instead. 
3: The `size` argument of `element_rect()` is deprecated as of ggplot2 3.4.0.
ℹ Please use the `linewidth` argument instead. 
4: No shared levels found between `names(values)` of the manual scale and the
data's fill values. 
